错误: 无效文件名: src/java/main/**/*.java
用法: javac <选项> <源文件>
使用 --help 可列出可能的选项
