﻿[35m[kumigumi][0m: 开始执行脚本...
[35m[kumigumi][0m:  读取 Excel 文件: D:\OneDrive\kumigumi.xlsx
创建临时文件: C:\Users\KUUHAK~1\AppData\Local\Temp\tmpmivyjt74.xlsx
复制文件: D:\OneDrive\kumigumi.xlsx -> C:\Users\KUUHAK~1\AppData\Local\Temp\tmpmivyjt74.xlsx
文件复制成功
python : Traceback (most recent call last):
所在位置 行:1 字符: 1
+ python src/python/main.py > test_output.txt 2>&1
+ ~~~~~~~~~~~~~~~~~~~~~~~~~~~~~~~~~~~~~~~~~~~~~~~~
    + CategoryInfo          : NotSpecified: (Traceback (most recent call last) 
   ::String) [], RemoteException
    + FullyQualifiedErrorId : NativeCommandError
 
  File "D:\repositories\kumigumi\src\python\main.py", line 90, in <module>
    bgm_url_rss_映射.update(excel_reader.读取sheet获取bgm_url_rss_映射(工作表名))
                            ~~~~~~~~~~~~~~~~~~~~~~~~~~~~~~~~~~~~~~~~~~^^^^^^^^^
^
  File "D:\repositories\kumigumi\src\python\excel_reader.py", line 138, in 读取sh
eet获取bgm_url_rss_映射
    data = 己.获取工作表数据(工作表名)
           ~~~~~~~~~~~~~~~~~^^^^^^^^^^
  File "D:\repositories\kumigumi\src\python\excel_reader.py", line 79, in 获取工作表
数据
    己.ExcelReaderPrint(f"\U0001f504 读取 {工作表名} ...", "")
    ~~~~~~~~~~~~~~~~~~~^^^^^^^^^^^^^^^^^^^^^^^^^^^^^^^
  File "D:\repositories\kumigumi\src\python\excel_reader.py", line 213, in Exce
lReaderPrint
    print(f"\033[92m[ExcelReader]\033[0m: {str}", end=end)
    ~~~~~^^^^^^^^^^^^^^^^^^^^^^^^^^^^^^^^^^^^^^^^^^^^^^^^^
UnicodeEncodeError: 'gbk' codec can't encode character '\U0001f504' in position
 24: illegal multibyte sequence
